 ____________________________ 
|  __      ___    _  _____   |
|  \ \    / / |  | |/ ____|  |
|   \ \  / /| |  | | |       |
|    \ \/ / | |  | | |       |
|     \  /  | |__| | |____   |
|      \/    \____/ \_____|  |
|                            |
|       Encoder/Decoder      |
|  ------------------------  |
|         |Options|          |
|         e - encode         |
|         d - decode         |
|          q - quit          |
|____________________________|
Choose option:
> 
Enter text to encode (MAX length is 300 characters):

Encoded text
-----------------------------
mrjm
-----------------------------
 ____________________________ 
|  __      ___    _  _____   |
|  \ \    / / |  | |/ ____|  |
|   \ \  / /| |  | | |       |
|    \ \/ / | |  | | |       |
|     \  /  | |__| | |____   |
|      \/    \____/ \_____|  |
|                            |
|       Encoder/Decoder      |
|  ------------------------  |
|         |Options|          |
|         e - encode         |
|         d - decode         |
|          q - quit          |
|____________________________|
Choose option:
> 
Exiting program...